// Jest Snapshot v1, https://goo.gl/fbAQLP

exports[`CareTypesBlock component toMatchSnapshot 1`] = `
Object {
  "asFragment": [Function],
  "baseElement": <body>
    <div>
      <ul
        class="typeOfCare"
      >
        <li
          class="typeOfCareItem"
          data-testid="Уход за телом"
        >
          Уход за телом
        </li>
        <li
          class="typeOfCareItem"
          data-testid="Уход за руками"
        >
          Уход за руками
        </li>
        <li
          class="typeOfCareItem"
          data-testid="Уход за ногами"
        >
          Уход за ногами
        </li>
        <li
          class="typeOfCareItem"
          data-testid="Уход за лицом"
        >
          Уход за лицом
        </li>
        <li
          class="typeOfCareItem"
          data-testid="Уход за волосами"
        >
          Уход за волосами
        </li>
        <li
          class="typeOfCareItem"
          data-testid="Средства для загара"
        >
          Средства для загара
        </li>
        <li
          class="typeOfCareItem"
          data-testid="Средства для бритья"
        >
          Средства для бритья
        </li>
        <li
          class="typeOfCareItem"
          data-testid="Подарочные наборы"
        >
          Подарочные наборы
        </li>
        <li
          class="typeOfCareItem"
          data-testid="Гигиеническая продукция"
        >
          Гигиеническая продукция
        </li>
        <li
          class="typeOfCareItem"
          data-testid="Гигиена полости рта"
        >
          Гигиена полости рта
        </li>
        <li
          class="typeOfCareItem"
          data-testid="Бумажная продукция"
        >
          Бумажная продукция
        </li>
      </ul>
    </div>
  </body>,
  "container": <div>
    <ul
      class="typeOfCare"
    >
      <li
        class="typeOfCareItem"
        data-testid="Уход за телом"
      >
        Уход за телом
      </li>
      <li
        class="typeOfCareItem"
        data-testid="Уход за руками"
      >
        Уход за руками
      </li>
      <li
        class="typeOfCareItem"
        data-testid="Уход за ногами"
      >
        Уход за ногами
      </li>
      <li
        class="typeOfCareItem"
        data-testid="Уход за лицом"
      >
        Уход за лицом
      </li>
      <li
        class="typeOfCareItem"
        data-testid="Уход за волосами"
      >
        Уход за волосами
      </li>
      <li
        class="typeOfCareItem"
        data-testid="Средства для загара"
      >
        Средства для загара
      </li>
      <li
        class="typeOfCareItem"
        data-testid="Средства для бритья"
      >
        Средства для бритья
      </li>
      <li
        class="typeOfCareItem"
        data-testid="Подарочные наборы"
      >
        Подарочные наборы
      </li>
      <li
        class="typeOfCareItem"
        data-testid="Гигиеническая продукция"
      >
        Гигиеническая продукция
      </li>
      <li
        class="typeOfCareItem"
        data-testid="Гигиена полости рта"
      >
        Гигиена полости рта
      </li>
      <li
        class="typeOfCareItem"
        data-testid="Бумажная продукция"
      >
        Бумажная продукция
      </li>
    </ul>
  </div>,
  "debug": [Function],
  "findAllByAltText": [Function],
  "findAllByDisplayValue": [Function],
  "findAllByLabelText": [Function],
  "findAllByPlaceholderText": [Function],
  "findAllByRole": [Function],
  "findAllByTestId": [Function],
  "findAllByText": [Function],
  "findAllByTitle": [Function],
  "findByAltText": [Function],
  "findByDisplayValue": [Function],
  "findByLabelText": [Function],
  "findByPlaceholderText": [Function],
  "findByRole": [Function],
  "findByTestId": [Function],
  "findByText": [Function],
  "findByTitle": [Function],
  "getAllByAltText": [Function],
  "getAllByDisplayValue": [Function],
  "getAllByLabelText": [Function],
  "getAllByPlaceholderText": [Function],
  "getAllByRole": [Function],
  "getAllByTestId": [Function],
  "getAllByText": [Function],
  "getAllByTitle": [Function],
  "getByAltText": [Function],
  "getByDisplayValue": [Function],
  "getByLabelText": [Function],
  "getByPlaceholderText": [Function],
  "getByRole": [Function],
  "getByTestId": [Function],
  "getByText": [Function],
  "getByTitle": [Function],
  "queryAllByAltText": [Function],
  "queryAllByDisplayValue": [Function],
  "queryAllByLabelText": [Function],
  "queryAllByPlaceholderText": [Function],
  "queryAllByRole": [Function],
  "queryAllByTestId": [Function],
  "queryAllByText": [Function],
  "queryAllByTitle": [Function],
  "queryByAltText": [Function],
  "queryByDisplayValue": [Function],
  "queryByLabelText": [Function],
  "queryByPlaceholderText": [Function],
  "queryByRole": [Function],
  "queryByTestId": [Function],
  "queryByText": [Function],
  "queryByTitle": [Function],
  "rerender": [Function],
  "unmount": [Function],
}
`;
